Archive member included to satisfy reference by file (symbol)

C:\Users\Fabia\Desktop\Workspace\edu_ciaa_nxp\Debug\libedu_ciaa_nxp.a(board.o)
                              ./src/UART.o (Board_Init)
C:\Users\Fabia\Desktop\Workspace\lpc_chip_43xx\Debug\liblpc_chip_43xx.a(chip_18xx_43xx.o)
                              ./src/UART.o (SystemCoreClockUpdate)
C:\Users\Fabia\Desktop\Workspace\lpc_chip_43xx\Debug\liblpc_chip_43xx.a(clock_18xx_43xx.o)
                              C:\Users\Fabia\Desktop\Workspace\lpc_chip_43xx\Debug\liblpc_chip_43xx.a(chip_18xx_43xx.o) (Chip_Clock_GetClockInputHz)
C:\Users\Fabia\Desktop\Workspace\lpc_chip_43xx\Debug\liblpc_chip_43xx.a(fpu_init.o)
                              ./src/sysinit.o (fpuInit)
C:\Users\Fabia\Desktop\Workspace\lpc_chip_43xx\Debug\liblpc_chip_43xx.a(ring_buffer.o)
                              ./src/UART.o (RingBuffer_Init)
C:\Users\Fabia\Desktop\Workspace\lpc_chip_43xx\Debug\liblpc_chip_43xx.a(sysinit_18xx_43xx.o)
                              C:\Users\Fabia\Desktop\Workspace\edu_ciaa_nxp\Debug\libedu_ciaa_nxp.a(board.o) (Chip_SetupCoreClock)
C:\Users\Fabia\Desktop\Workspace\lpc_chip_43xx\Debug\liblpc_chip_43xx.a(uart_18xx_43xx.o)
                              C:\Users\Fabia\Desktop\Workspace\edu_ciaa_nxp\Debug\libedu_ciaa_nxp.a(board.o) (Chip_UART_Init)
c:/nxp/mcuxpressoide_10.2.0_759/ide/tools/bin/../lib/gcc/arm-none-eabi/7.2.1/../../../../arm-none-eabi/lib/thumb/v7e-m/fpv4-sp/softfp\libcr_c.a(memcpy.o)
                              C:\Users\Fabia\Desktop\Workspace\lpc_chip_43xx\Debug\liblpc_chip_43xx.a(ring_buffer.o) (memcpy)
c:/nxp/mcuxpressoide_10.2.0_759/ide/tools/bin/../lib/gcc/arm-none-eabi/7.2.1/../../../../arm-none-eabi/lib/thumb/v7e-m/fpv4-sp/softfp\libcr_c.a(memset.o)
                              C:\Users\Fabia\Desktop\Workspace\lpc_chip_43xx\Debug\liblpc_chip_43xx.a(clock_18xx_43xx.o) (memset)
c:/nxp/mcuxpressoide_10.2.0_759/ide/tools/bin/../lib/gcc/arm-none-eabi/7.2.1/../../../../arm-none-eabi/lib/thumb/v7e-m/fpv4-sp/softfp\libcr_c.a(__weak__main.o)
                              ./src/cr_startup_lpc43xx.o (__main)
c:/nxp/mcuxpressoide_10.2.0_759/ide/tools/bin/../lib/gcc/arm-none-eabi/7.2.1/thumb/v7e-m/fpv4-sp/softfp\libcr_eabihelpers.a(division_64.o)
                              C:\Users\Fabia\Desktop\Workspace\lpc_chip_43xx\Debug\liblpc_chip_43xx.a(uart_18xx_43xx.o) (__aeabi_uldivmod)
c:/nxp/mcuxpressoide_10.2.0_759/ide/tools/bin/../lib/gcc/arm-none-eabi/7.2.1/thumb/v7e-m/fpv4-sp/softfp\libcr_eabihelpers.a(division_idiv0.o)
                              c:/nxp/mcuxpressoide_10.2.0_759/ide/tools/bin/../lib/gcc/arm-none-eabi/7.2.1/thumb/v7e-m/fpv4-sp/softfp\libcr_eabihelpers.a(division_64.o) (__aeabi_idiv0)
c:/nxp/mcuxpressoide_10.2.0_759/ide/tools/bin/../lib/gcc/arm-none-eabi/7.2.1/thumb/v7e-m/fpv4-sp/softfp\libcr_eabihelpers.a(memcpy.o)
                              c:/nxp/mcuxpressoide_10.2.0_759/ide/tools/bin/../lib/gcc/arm-none-eabi/7.2.1/../../../../arm-none-eabi/lib/thumb/v7e-m/fpv4-sp/softfp\libcr_c.a(memcpy.o) (__aeabi_memcpy)

Allocating common symbols
Common symbol       size              file

SystemCoreClock     0x4               C:\Users\Fabia\Desktop\Workspace\lpc_chip_43xx\Debug\liblpc_chip_43xx.a(chip_18xx_43xx.o)

Discarded input sections

 .group         0x00000000        0xc ./src/UART.o
 .group         0x00000000        0xc ./src/UART.o
 .group         0x00000000        0xc ./src/UART.o
 .group         0x00000000        0xc ./src/UART.o
 .group         0x00000000        0xc ./src/UART.o
 .group         0x00000000        0xc ./src/UART.o
 .group         0x00000000        0xc ./src/UART.o
 .group         0x00000000        0xc ./src/UART.o
 .group         0x00000000        0xc ./src/UART.o
 .group         0x00000000        0xc ./src/UART.o
 .group         0x00000000        0xc ./src/UART.o
 .group         0x00000000        0xc ./src/UART.o
 .group         0x00000000        0xc ./src/UART.o
 .group         0x00000000        0xc ./src/UART.o
 .group         0x00000000        0xc ./src/UART.o
 .group         0x00000000        0xc ./src/UART.o
 .group         0x00000000        0xc ./src/UART.o
 .group         0x00000000        0xc ./src/UART.o
 .group         0x00000000        0xc ./src/UART.o
 .group         0x00000000        0xc ./src/UART.o
 .group         0x00000000        0xc ./src/UART.o
 .group         0x00000000        0xc ./src/UART.o
 .group         0x00000000        0xc ./src/UART.o
 .group         0x00000000        0xc ./src/UART.o
 .group         0x00000000        0xc ./src/UART.o
 .group         0x00000000        0xc ./src/UART.o
 .group         0x00000000        0xc ./src/UART.o
 .group         0x00000000        0xc ./src/UART.o
 .group         0x00000000        0xc ./src/UART.o
 .group         0x00000000        0xc ./src/UART.o
 .group         0x00000000        0xc ./src/UART.o
 .group         0x00000000        0xc ./src/UART.o
[...]
Memory Configuration

Name             Origin             Length             Attributes
MFlashA512       0x1a000000         0x00080000         xr
MFlashB512       0x1b000000         0x00080000         xr
RamLoc32         0x10000000         0x00008000         xrw
RamLoc40         0x10080000         0x0000a000         xrw
RamAHB32         0x20000000         0x00008000         xrw
RamAHB16         0x20008000         0x00004000         xrw
RamAHB_ETB16     0x2000c000         0x00004000         xrw
*default*        0x00000000         0xffffffff

Linker script and memory map

LOAD ./src/UART.o
LOAD ./src/cr_startup_lpc43xx.o
LOAD ./src/sysinit.o
LOAD C:\Users\Fabia\Desktop\Workspace\edu_ciaa_nxp\Debug\libedu_ciaa_nxp.a
LOAD C:\Users\Fabia\Desktop\Workspace\lpc_chip_43xx\Debug\liblpc_chip_43xx.a
START GROUP
LOAD c:/nxp/mcuxpressoide_10.2.0_759/ide/tools/bin/../lib/gcc/arm-none-eabi/7.2.1/../../../../arm-none-eabi/lib/thumb/v7e-m/fpv4-sp/softfp\libcr_c.a
LOAD c:/nxp/mcuxpressoide_10.2.0_759/ide/tools/bin/../lib/gcc/arm-none-eabi/7.2.1/thumb/v7e-m/fpv4-sp/softfp\libcr_eabihelpers.a
END GROUP
                0x1a000000                __base_MFlashA512 = 0x1a000000
                0x1a000000                __base_Flash = 0x1a000000
                0x1a080000                __top_MFlashA512 = 0x1a080000
                0x1a080000                __top_Flash = 0x1a080000
                0x1b000000                __base_MFlashB512 = 0x1b000000
                0x1b000000                __base_Flash2 = 0x1b000000
                0x1b080000                __top_MFlashB512 = 0x1b080000
                0x1b080000                __top_Flash2 = 0x1b080000
                0x10000000                __base_RamLoc32 = 0x10000000
                0x10000000                __base_RAM = 0x10000000
                0x10008000                __top_RamLoc32 = 0x10008000
                0x10008000                __top_RAM = 0x10008000
                0x10080000                __base_RamLoc40 = 0x10080000
                0x10080000                __base_RAM2 = 0x10080000
                0x1008a000                __top_RamLoc40 = 0x1008a000
                0x1008a000                __top_RAM2 = 0x1008a000
                0x20000000                __base_RamAHB32 = 0x20000000
                0x20000000                __base_RAM3 = 0x20000000
                0x20008000                __top_RamAHB32 = 0x20008000
                0x20008000                __top_RAM3 = 0x20008000
                0x20008000                __base_RamAHB16 = 0x20008000
                0x20008000                __base_RAM4 = 0x20008000
                0x2000c000                __top_RamAHB16 = 0x2000c000
                0x2000c000                __top_RAM4 = 0x2000c000
                0x2000c000                __base_RamAHB_ETB16 = 0x2000c000
                0x2000c000                __base_RAM5 = 0x2000c000
                0x20010000                __top_RamAHB_ETB16 = 0x20010000
                0x20010000                __top_RAM5 = 0x20010000

.text_Flash2    0x1b000000        0x0
 FILL mask 0xff
 *(.text_Flash2*)
 *(.text_MFlashB512*)
 *(.text.$Flash2*)
 *(.text.$MFlashB512*)
 *(.rodata.$Flash2*)
 *(.rodata.$MFlashB512*)

.text           0x1a000000     0x1e40
 FILL mask 0xff
                0x1a000000                __vectors_start__ = ABSOLUTE (.)
 *(.isr_vector)
 .isr_vector    0x1a000000      0x114 ./src/cr_startup_lpc43xx.o
                0x1a000000                g_pfnVectors
                0x1a000114                . = ALIGN (0x4)
                0x1a000114                __section_table_start = .
                0x1a000114                __data_section_table = .
                0x1a000114        0x4 LONG 0x1a001e40 LOADADDR (.data)
                0x1a000118        0x4 LONG 0x10000000 ADDR (.data)
                0x1a00011c        0x4 LONG 0x0 SIZEOF (.data)
                0x1a000120        0x4 LONG 0x1a001e40 LOADADDR (.data_RAM2)
                0x1a000124        0x4 LONG 0x10080000 ADDR (.data_RAM2)
                0x1a000128        0x4 LONG 0x0 SIZEOF (.data_RAM2)
                0x1a00012c        0x4 LONG 0x1a001e40 LOADADDR (.data_RAM3)
                0x1a000130        0x4 LONG 0x20000000 ADDR (.data_RAM3)
                0x1a000134        0x4 LONG 0x0 SIZEOF (.data_RAM3)
                0x1a000138        0x4 LONG 0x1a001e40 LOADADDR (.data_RAM4)
                0x1a00013c        0x4 LONG 0x20008000 ADDR (.data_RAM4)
                0x1a000140        0x4 LONG 0x0 SIZEOF (.data_RAM4)
                0x1a000144        0x4 LONG 0x1a001e40 LOADADDR (.data_RAM5)
                0x1a000148        0x4 LONG 0x2000c000 ADDR (.data_RAM5)
                0x1a00014c        0x4 LONG 0x0 SIZEOF (.data_RAM5)
                0x1a000150                __data_section_table_end = .
                0x1a000150                __bss_section_table = .
                0x1a000150        0x4 LONG 0x10000000 ADDR (.bss)
                0x1a000154        0x4 LONG 0xd8 SIZEOF (.bss)
                0x1a000158        0x4 LONG 0x10080000 ADDR (.bss_RAM2)
                0x1a00015c        0x4 LONG 0x0 SIZEOF (.bss_RAM2)
                0x1a000160        0x4 LONG 0x20000000 ADDR (.bss_RAM3)
                0x1a000164        0x4 LONG 0x0 SIZEOF (.bss_RAM3)
                0x1a000168        0x4 LONG 0x20008000 ADDR (.bss_RAM4)
                0x1a00016c        0x4 LONG 0x0 SIZEOF (.bss_RAM4)
                0x1a000170        0x4 LONG 0x2000c000 ADDR (.bss_RAM5)
                0x1a000174        0x4 LONG 0x0 SIZEOF (.bss_RAM5)
                0x1a000178                __bss_section_table_end = .
                0x1a000178                __section_table_end = .
 *(.after_vectors*)
 .after_vectors
                0x1a000178       0xb8 ./src/cr_startup_lpc43xx.o
                0x1a000178                data_init
                0x1a0001bc                bss_init
                0x1a0001f4                NMI_Handler
                0x1a0001fa                HardFault_Handler
                0x1a000200                MemManage_Handler
                0x1a000206                BusFault_Handler
                0x1a00020c                UsageFault_Handler
                0x1a000212                SVC_Handler
                0x1a000218                DebugMon_Handler
                0x1a00021e                PendSV_Handler
                0x1a000224                SysTick_Handler
                0x1a00022a                ATIMER_IRQHandler
                0x1a00022a                I2C1_IRQHandler
                0x1a00022a                UART1_IRQHandler
                0x1a00022a                GPIO5_IRQHandler
                0x1a00022a                CAN1_IRQHandler
                0x1a00022a                USB1_IRQHandler
                0x1a00022a                I2S0_IRQHandler
                0x1a00022a                TIMER3_IRQHandler
                0x1a00022a                UART0_IRQHandler
                0x1a00022a                I2C0_IRQHandler
                0x1a00022a                SGPIO_IRQHandler
                0x1a00022a                FLASH_EEPROM_IRQHandler
                0x1a00022a                ADCHS_IRQHandler
                0x1a00022a                GPIO6_IRQHandler
                0x1a00022a                IntDefaultHandler
                0x1a00022a                GPIO1_IRQHandler
                0x1a00022a                SSP0_IRQHandler
                0x1a00022a                ADC1_IRQHandler
                0x1a00022a                RTC_IRQHandler
                0x1a00022a                TIMER0_IRQHandler
                0x1a00022a                SPI_IRQHandler
                0x1a00022a                LCD_IRQHandler
                0x1a00022a                RIT_IRQHandler
                0x1a00022a                TIMER1_IRQHandler
                0x1a00022a                GPIO2_IRQHandler
                0x1a00022a                I2S1_IRQHandler
                0x1a00022a                SSP1_IRQHandler
                0x1a00022a                USB0_IRQHandler
                0x1a00022a                GPIO3_IRQHandler
                0x1a00022a                SCT_IRQHandler
                0x1a00022a                SDIO_IRQHandler
                0x1a00022a                WDT_IRQHandler
                0x1a00022a                ADC0_IRQHandler
                0x1a00022a                GPIO7_IRQHandler
                0x1a00022a                SPIFI_IRQHandler
                0x1a00022a                QEI_IRQHandler
                0x1a00022a                ETH_IRQHandler
                0x1a00022a                CAN0_IRQHandler
                0x1a00022a                GINT0_IRQHandler
                0x1a00022a                DAC_IRQHandler
                0x1a00022a                M0SUB_IRQHandler
                0x1a00022a                GPIO0_IRQHandler
                0x1a00022a                DMA_IRQHandler
                0x1a00022a                EVRT_IRQHandler
                0x1a00022a                TIMER2_IRQHandler
                0x1a00022a                UART3_IRQHandler
                0x1a00022a                MCPWM_IRQHandler
                0x1a00022a                M0APP_IRQHandler
                0x1a00022a                GINT1_IRQHandler
                0x1a00022a                GPIO4_IRQHandler
 *(.text*)
 .text.NVIC_EnableIRQ
                0x1a000230       0x34 ./src/UART.o
 .text.NVIC_SetPriority
                0x1a000264       0x54 ./src/UART.o
 .text.RingBuffer_GetCount
                0x1a0002b8       0x22 ./src/UART.o
 .text.Chip_UART_IntEnable
                0x1a0002da       0x22 ./src/UART.o
 .text.Chip_UART_SetupFIFOS
                0x1a0002fc       0x1c ./src/UART.o
 .text.UART2_IRQHandler
                0x1a000318       0x20 ./src/UART.o
                0x1a000318                UART2_IRQHandler
 .text.main     0x1a000338       0x74 ./src/UART.o
                0x1a000338                main
 .text.ResetISR
                0x1a0003ac       0xc4 ./src/cr_startup_lpc43xx.o
                0x1a0003ac                ResetISR
 .text.SystemInit
                0x1a000470       0x28 ./src/sysinit.o
                0x1a000470                SystemInit
 .text.Chip_SCU_PinMuxSet
                0x1a000498       0x34 C:\Users\Fabia\Desktop\Workspace\edu_ciaa_nxp\Debug\libedu_ciaa_nxp.a(board.o)
 .text.Chip_SCU_SetPinMuxing
                0x1a0004cc       0x4a C:\Users\Fabia\Desktop\Workspace\edu_ciaa_nxp\Debug\libedu_ciaa_nxp.a(board.o)
 *fill*         0x1a000516        0x2 ff
 .text.Chip_CREG_SetFlashAcceleration
                0x1a000518       0x54 C:\Users\Fabia\Desktop\Workspace\edu_ciaa_nxp\Debug\libedu_ciaa_nxp.a(board.o)
 .text.Chip_GPIO_SetPinDIROutput
                0x1a00056c       0x3e C:\Users\Fabia\Desktop\Workspace\edu_ciaa_nxp\Debug\libedu_ciaa_nxp.a(board.o)
 .text.Chip_GPIO_SetPinDIRInput
                0x1a0005aa       0x40 C:\Users\Fabia\Desktop\Workspace\edu_ciaa_nxp\Debug\libedu_ciaa_nxp.a(board.o)
 .text.Chip_UART_TXEnable
                0x1a0005ea       0x1a C:\Users\Fabia\Desktop\Workspace\edu_ciaa_nxp\Debug\libedu_ciaa_nxp.a(board.o)
 .text.Chip_UART_ConfigData
                0x1a000604       0x1c C:\Users\Fabia\Desktop\Workspace\edu_ciaa_nxp\Debug\libedu_ciaa_nxp.a(board.o)
 .text.Board_Init
                0x1a000620       0x14 C:\Users\Fabia\Desktop\Workspace\edu_ciaa_nxp\Debug\libedu_ciaa_nxp.a(board.o)
                0x1a000620                Board_Init
 .text.Board_Debug_Init
                0x1a000634       0x2c C:\Users\Fabia\Desktop\Workspace\edu_ciaa_nxp\Debug\libedu_ciaa_nxp.a(board.o)
                0x1a000634                Board_Debug_Init
 .text.Board_Leds_Init
                0x1a000660       0x44 C:\Users\Fabia\Desktop\Workspace\edu_ciaa_nxp\Debug\libedu_ciaa_nxp.a(board.o)
                0x1a000660                Board_Leds_Init
 .text.Board_Buttons_Init
                0x1a0006a4       0x44 C:\Users\Fabia\Desktop\Workspace\edu_ciaa_nxp\Debug\libedu_ciaa_nxp.a(board.o)
                0x1a0006a4                Board_Buttons_Init
 .text.Board_SetupMuxing
                0x1a0006e8       0x14 C:\Users\Fabia\Desktop\Workspace\edu_ciaa_nxp\Debug\libedu_ciaa_nxp.a(board.o)
                0x1a0006e8                Board_SetupMuxing
 .text.Board_SystemInit
                0x1a0006fc       0x10 C:\Users\Fabia\Desktop\Workspace\edu_ciaa_nxp\Debug\libedu_ciaa_nxp.a(board.o)
                0x1a0006fc                Board_SystemInit
 .text.Board_SetupClocking
                0x1a00070c       0x80 C:\Users\Fabia\Desktop\Workspace\edu_ciaa_nxp\Debug\libedu_ciaa_nxp.a(board.o)
                0x1a00070c                Board_SetupClocking
 .text.SystemCoreClockUpdate
                0x1a00078c       0x18 C:\Users\Fabia\Desktop\Workspace\lpc_chip_43xx\Debug\liblpc_chip_43xx.a(chip_18xx_43xx.o)
                0x1a00078c                SystemCoreClockUpdate
 .text.ABS      0x1a0007a4       0x22 C:\Users\Fabia\Desktop\Workspace\lpc_chip_43xx\Debug\liblpc_chip_43xx.a(clock_18xx_43xx.o)
 *fill*         0x1a0007c6        0x2 ff
 .text.pll_calc_divs
                0x1a0007c8      0x124 C:\Users\Fabia\Desktop\Workspace\lpc_chip_43xx\Debug\liblpc_chip_43xx.a(clock_18xx_43xx.o)
 .text.pll_get_frac
                0x1a0008ec      0x176 C:\Users\Fabia\Desktop\Workspace\lpc_chip_43xx\Debug\liblpc_chip_43xx.a(clock_18xx_43xx.o)
 .text.Chip_Clock_GetDivRate
                0x1a000a62       0x40 C:\Users\Fabia\Desktop\Workspace\lpc_chip_43xx\Debug\liblpc_chip_43xx.a(clock_18xx_43xx.o)
 *fill*         0x1a000aa2        0x2 ff
 .text.Chip_Clock_FindBaseClock
                0x1a000aa4       0x90 C:\Users\Fabia\Desktop\Workspace\lpc_chip_43xx\Debug\liblpc_chip_43xx.a(clock_18xx_43xx.o)
 .text.Chip_Clock_EnableCrystal
                0x1a000b34       0x70 C:\Users\Fabia\Desktop\Workspace\lpc_chip_43xx\Debug\liblpc_chip_43xx.a(clock_18xx_43xx.o)
                0x1a000b34                Chip_Clock_EnableCrystal
 .text.Chip_Clock_CalcMainPLLValue
                0x1a000ba4       0xd8 C:\Users\Fabia\Desktop\Workspace\lpc_chip_43xx\Debug\liblpc_chip_43xx.a(clock_18xx_43xx.o)
                0x1a000ba4                Chip_Clock_CalcMainPLLValue
 .text.Chip_Clock_GetMainPLLHz
                0x1a000c7c       0xc0 C:\Users\Fabia\Desktop\Workspace\lpc_chip_43xx\Debug\liblpc_chip_43xx.a(clock_18xx_43xx.o)
                0x1a000c7c                Chip_Clock_GetMainPLLHz
 .text.Chip_Clock_GetDividerSource
                0x1a000d3c       0x40 C:\Users\Fabia\Desktop\Workspace\lpc_chip_43xx\Debug\liblpc_chip_43xx.a(clock_18xx_43xx.o)
                0x1a000d3c                Chip_Clock_GetDividerSource
 .text.Chip_Clock_GetDividerDivisor
                0x1a000d7c       0x38 C:\Users\Fabia\Desktop\Workspace\lpc_chip_43xx\Debug\liblpc_chip_43xx.a(clock_18xx_43xx.o)
                0x1a000d7c                Chip_Clock_GetDividerDivisor
 .text.Chip_Clock_GetClockInputHz
                0x1a000db4      0x140 C:\Users\Fabia\Desktop\Workspace\lpc_chip_43xx\Debug\liblpc_chip_43xx.a(clock_18xx_43xx.o)
                0x1a000db4                Chip_Clock_GetClockInputHz
 .text.Chip_Clock_GetBaseClocktHz
                0x1a000ef4       0x24 C:\Users\Fabia\Desktop\Workspace\lpc_chip_43xx\Debug\liblpc_chip_43xx.a(clock_18xx_43xx.o)
                0x1a000ef4                Chip_Clock_GetBaseClocktHz
 .text.Chip_Clock_SetBaseClock
                0x1a000f18       0x9c C:\Users\Fabia\Desktop\Workspace\lpc_chip_43xx\Debug\liblpc_chip_43xx.a(clock_18xx_43xx.o)
                0x1a000f18                Chip_Clock_SetBaseClock
 .text.Chip_Clock_GetBaseClock
                0x1a000fb4       0x4c C:\Users\Fabia\Desktop\Workspace\lpc_chip_43xx\Debug\liblpc_chip_43xx.a(clock_18xx_43xx.o)
                0x1a000fb4                Chip_Clock_GetBaseClock
 .text.Chip_Clock_EnableOpts
                0x1a001000       0x7c C:\Users\Fabia\Desktop\Workspace\lpc_chip_43xx\Debug\liblpc_chip_43xx.a(clock_18xx_43xx.o)
                0x1a001000                Chip_Clock_EnableOpts
 .text.Chip_Clock_GetRate
                0x1a00107c       0x88 C:\Users\Fabia\Desktop\Workspace\lpc_chip_43xx\Debug\liblpc_chip_43xx.a(clock_18xx_43xx.o)
                0x1a00107c                Chip_Clock_GetRate
 .text.fpuInit  0x1a001104       0x74 C:\Users\Fabia\Desktop\Workspace\lpc_chip_43xx\Debug\liblpc_chip_43xx.a(fpu_init.o)
                0x1a001104                fpuInit
 .text.RingBuffer_GetCount
                0x1a001178       0x22 C:\Users\Fabia\Desktop\Workspace\lpc_chip_43xx\Debug\liblpc_chip_43xx.a(ring_buffer.o)
 .text.RingBuffer_IsFull
                0x1a00119a       0x26 C:\Users\Fabia\Desktop\Workspace\lpc_chip_43xx\Debug\liblpc_chip_43xx.a(ring_buffer.o)
 .text.RingBuffer_IsEmpty
                0x1a0011c0       0x2a C:\Users\Fabia\Desktop\Workspace\lpc_chip_43xx\Debug\liblpc_chip_43xx.a(ring_buffer.o)
 .text.RingBuffer_Init
                0x1a0011ea       0x3c C:\Users\Fabia\Desktop\Workspace\lpc_chip_43xx\Debug\liblpc_chip_43xx.a(ring_buffer.o)
                0x1a0011ea                RingBuffer_Init
 .text.RingBuffer_Insert
                0x1a001226       0x5c C:\Users\Fabia\Desktop\Workspace\lpc_chip_43xx\Debug\liblpc_chip_43xx.a(ring_buffer.o)
                0x1a001226                RingBuffer_Insert
 .text.RingBuffer_Pop
                0x1a001282       0x5c C:\Users\Fabia\Desktop\Workspace\lpc_chip_43xx\Debug\liblpc_chip_43xx.a(ring_buffer.o)
                0x1a001282                RingBuffer_Pop
 .text.RingBuffer_PopMult
                0x1a0012de      0x122 C:\Users\Fabia\Desktop\Workspace\lpc_chip_43xx\Debug\liblpc_chip_43xx.a(ring_buffer.o)
                0x1a0012de                RingBuffer_PopMult
 .text.Chip_Clock_DisableMainPLL
                0x1a001400       0x20 C:\Users\Fabia\Desktop\Workspace\lpc_chip_43xx\Debug\liblpc_chip_43xx.a(sysinit_18xx_43xx.o)
 .text.Chip_Clock_SetupMainPLL
                0x1a001420       0x44 C:\Users\Fabia\Desktop\Workspace\lpc_chip_43xx\Debug\liblpc_chip_43xx.a(sysinit_18xx_43xx.o)
 .text.Chip_Clock_MainPLLLocked
                0x1a001464       0x24 C:\Users\Fabia\Desktop\Workspace\lpc_chip_43xx\Debug\liblpc_chip_43xx.a(sysinit_18xx_43xx.o)
 .text.Chip_SetupCoreClock
                0x1a001488      0x15c C:\Users\Fabia\Desktop\Workspace\lpc_chip_43xx\Debug\liblpc_chip_43xx.a(sysinit_18xx_43xx.o)
                0x1a001488                Chip_SetupCoreClock
 .text.RingBuffer_IsEmpty
                0x1a0015e4       0x2a C:\Users\Fabia\Desktop\Workspace\lpc_chip_43xx\Debug\liblpc_chip_43xx.a(uart_18xx_43xx.o)
 .text.Chip_UART_TXDisable
                0x1a00160e       0x1a C:\Users\Fabia\Desktop\Workspace\lpc_chip_43xx\Debug\liblpc_chip_43xx.a(uart_18xx_43xx.o)
 .text.Chip_UART_SendByte
                0x1a001628       0x1e C:\Users\Fabia\Desktop\Workspace\lpc_chip_43xx\Debug\liblpc_chip_43xx.a(uart_18xx_43xx.o)
 .text.Chip_UART_ReadByte
                0x1a001646       0x1a C:\Users\Fabia\Desktop\Workspace\lpc_chip_43xx\Debug\liblpc_chip_43xx.a(uart_18xx_43xx.o)
 .text.Chip_UART_IntDisable
                0x1a001660       0x24 C:\Users\Fabia\Desktop\Workspace\lpc_chip_43xx\Debug\liblpc_chip_43xx.a(uart_18xx_43xx.o)
 .text.Chip_UART_ReadIntIDReg
                0x1a001684       0x18 C:\Users\Fabia\Desktop\Workspace\lpc_chip_43xx\Debug\liblpc_chip_43xx.a(uart_18xx_43xx.o)
 .text.Chip_UART_SetupFIFOS
                0x1a00169c       0x1c C:\Users\Fabia\Desktop\Workspace\lpc_chip_43xx\Debug\liblpc_chip_43xx.a(uart_18xx_43xx.o)
 .text.Chip_UART_ConfigData
                0x1a0016b8       0x1c C:\Users\Fabia\Desktop\Workspace\lpc_chip_43xx\Debug\liblpc_chip_43xx.a(uart_18xx_43xx.o)
 .text.Chip_UART_EnableDivisorAccess
                0x1a0016d4       0x20 C:\Users\Fabia\Desktop\Workspace\lpc_chip_43xx\Debug\liblpc_chip_43xx.a(uart_18xx_43xx.o)
 .text.Chip_UART_DisableDivisorAccess
                0x1a0016f4       0x20 C:\Users\Fabia\Desktop\Workspace\lpc_chip_43xx\Debug\liblpc_chip_43xx.a(uart_18xx_43xx.o)
 .text.Chip_UART_SetDivisorLatches
                0x1a001714       0x28 C:\Users\Fabia\Desktop\Workspace\lpc_chip_43xx\Debug\liblpc_chip_43xx.a(uart_18xx_43xx.o)
 .text.Chip_UART_ReadLineStatus
                0x1a00173c       0x18 C:\Users\Fabia\Desktop\Workspace\lpc_chip_43xx\Debug\liblpc_chip_43xx.a(uart_18xx_43xx.o)
 .text.Chip_UART_SetAutoBaudReg
                0x1a001754       0x22 C:\Users\Fabia\Desktop\Workspace\lpc_chip_43xx\Debug\liblpc_chip_43xx.a(uart_18xx_43xx.o)
 *fill*         0x1a001776        0x2 ff
 .text.Chip_UART_GetIndex
                0x1a001778       0x60 C:\Users\Fabia\Desktop\Workspace\lpc_chip_43xx\Debug\liblpc_chip_43xx.a(uart_18xx_43xx.o)
 .text.Chip_UART_ABIntHandler
                0x1a0017d8       0x6c C:\Users\Fabia\Desktop\Workspace\lpc_chip_43xx\Debug\liblpc_chip_43xx.a(uart_18xx_43xx.o)
 .text.Chip_UART_Init
                0x1a001844       0x84 C:\Users\Fabia\Desktop\Workspace\lpc_chip_43xx\Debug\liblpc_chip_43xx.a(uart_18xx_43xx.o)
                0x1a001844                Chip_UART_Init
 .text.Chip_UART_RXIntHandlerRB
                0x1a0018c8       0x3a C:\Users\Fabia\Desktop\Workspace\lpc_chip_43xx\Debug\liblpc_chip_43xx.a(uart_18xx_43xx.o)
                0x1a0018c8                Chip_UART_RXIntHandlerRB
 .text.Chip_UART_TXIntHandlerRB
                0x1a001902       0x54 C:\Users\Fabia\Desktop\Workspace\lpc_chip_43xx\Debug\liblpc_chip_43xx.a(uart_18xx_43xx.o)
                0x1a001902                Chip_UART_TXIntHandlerRB
 .text.Chip_UART_ReadRB
                0x1a001956       0x22 C:\Users\Fabia\Desktop\Workspace\lpc_chip_43xx\Debug\liblpc_chip_43xx.a(uart_18xx_43xx.o)
                0x1a001956                Chip_UART_ReadRB
 .text.Chip_UART_IRQRBHandler
                0x1a001978       0x4a C:\Users\Fabia\Desktop\Workspace\lpc_chip_43xx\Debug\liblpc_chip_43xx.a(uart_18xx_43xx.o)
                0x1a001978                Chip_UART_IRQRBHandler
 *fill*         0x1a0019c2        0x2 ff
 .text.Chip_UART_SetBaudFDR
                0x1a0019c4      0x16c C:\Users\Fabia\Desktop\Workspace\lpc_chip_43xx\Debug\liblpc_chip_43xx.a(uart_18xx_43xx.o)
                0x1a0019c4                Chip_UART_SetBaudFDR
 .text.memcpy   0x1a001b30        0x4 c:/nxp/mcuxpressoide_10.2.0_759/ide/tools/bin/../lib/gcc/arm-none-eabi/7.2.1/../../../../arm-none-eabi/lib/thumb/v7e-m/fpv4-sp/softfp\libcr_c.a(memcpy.o)
                0x1a001b30                memcpy
 .text.memset   0x1a001b34        0x4 c:/nxp/mcuxpressoide_10.2.0_759/ide/tools/bin/../lib/gcc/arm-none-eabi/7.2.1/../../../../arm-none-eabi/lib/thumb/v7e-m/fpv4-sp/softfp\libcr_c.a(memset.o)
                0x1a001b34                memset
 .text.__weak_main
                0x1a001b38        0x4 c:/nxp/mcuxpressoide_10.2.0_759/ide/tools/bin/../lib/gcc/arm-none-eabi/7.2.1/../../../../arm-none-eabi/lib/thumb/v7e-m/fpv4-sp/softfp\libcr_c.a(__weak__main.o)
                0x1a001b38                __weak_main
                0x1a001b38                __main
 .text.__aeabi_division_uldivmod
                0x1a001b3c      0x174 c:/nxp/mcuxpressoide_10.2.0_759/ide/tools/bin/../lib/gcc/arm-none-eabi/7.2.1/thumb/v7e-m/fpv4-sp/softfp\libcr_eabihelpers.a(division_64.o)
                0x1a001b3c                __aeabi_uldivmod
                0x1a001b40                __bhs_ldivmod1
 .text.__aeabi_division_idiv0
                0x1a001cb0        0x2 c:/nxp/mcuxpressoide_10.2.0_759/ide/tools/bin/../lib/gcc/arm-none-eabi/7.2.1/thumb/v7e-m/fpv4-sp/softfp\libcr_eabihelpers.a(division_idiv0.o)
                0x1a001cb0                __aeabi_idiv0
 .text.__aeabi_memcpy
                0x1a001cb2       0x34 c:/nxp/mcuxpressoide_10.2.0_759/ide/tools/bin/../lib/gcc/arm-none-eabi/7.2.1/thumb/v7e-m/fpv4-sp/softfp\libcr_eabihelpers.a(memcpy.o)
                0x1a001cb2                __aeabi_memcpy
                0x1a001cbc                __aeabi_memcpy8
                0x1a001cbc                __aeabi_memcpy4
 .text.__aeabi_memset_lowlevel
                0x1a001ce6       0x32 c:/nxp/mcuxpressoide_10.2.0_759/ide/tools/bin/../lib/gcc/arm-none-eabi/7.2.1/thumb/v7e-m/fpv4-sp/softfp\libcr_eabihelpers.a(memcpy.o)
                0x1a001ce6                __aeabi_lowlevel_memset
 *(.rodata .rodata.* .constdata .constdata.*)
 .rodata.ExtRateIn
                0x1a001d18        0x4 C:\Users\Fabia\Desktop\Workspace\edu_ciaa_nxp\Debug\libedu_ciaa_nxp.a(board.o)
                0x1a001d18                ExtRateIn
 .rodata.OscRateIn
                0x1a001d1c        0x4 C:\Users\Fabia\Desktop\Workspace\edu_ciaa_nxp\Debug\libedu_ciaa_nxp.a(board.o)
                0x1a001d1c                OscRateIn
 .rodata.InitClkStates
                0x1a001d20        0xc C:\Users\Fabia\Desktop\Workspace\edu_ciaa_nxp\Debug\libedu_ciaa_nxp.a(board.o)
 .rodata.gpioLEDBits
                0x1a001d2c        0xc C:\Users\Fabia\Desktop\Workspace\edu_ciaa_nxp\Debug\libedu_ciaa_nxp.a(board.o)
 .rodata.gpioBUTTONBits
                0x1a001d38        0x8 C:\Users\Fabia\Desktop\Workspace\edu_ciaa_nxp\Debug\libedu_ciaa_nxp.a(board.o)
 .rodata.pinmuxing
                0x1a001d40       0x30 C:\Users\Fabia\Desktop\Workspace\edu_ciaa_nxp\Debug\libedu_ciaa_nxp.a(board.o)
 .rodata.periph_to_base
                0x1a001d70       0x6c C:\Users\Fabia\Desktop\Workspace\lpc_chip_43xx\Debug\liblpc_chip_43xx.a(clock_18xx_43xx.o)
 .rodata        0x1a001ddc        0xa C:\Users\Fabia\Desktop\Workspace\lpc_chip_43xx\Debug\liblpc_chip_43xx.a(clock_18xx_43xx.o)
 *fill*         0x1a001de6        0x2 ff
 .rodata.InitClkStates
                0x1a001de8       0x48 C:\Users\Fabia\Desktop\Workspace\lpc_chip_43xx\Debug\liblpc_chip_43xx.a(sysinit_18xx_43xx.o)
 .rodata.UART_PClock
                0x1a001e30        0x8 C:\Users\Fabia\Desktop\Workspace\lpc_chip_43xx\Debug\liblpc_chip_43xx.a(uart_18xx_43xx.o)
 .rodata.UART_BClock
                0x1a001e38        0x8 C:\Users\Fabia\Desktop\Workspace\lpc_chip_43xx\Debug\liblpc_chip_43xx.a(uart_18xx_43xx.o)
                0x1a001e40                . = ALIGN (0x4)

.glue_7         0x1a001e40        0x0
 .glue_7        0x1a001e40        0x0 linker stubs

.glue_7t        0x1a001e40        0x0
 .glue_7t       0x1a001e40        0x0 linker stubs

.vfp11_veneer   0x1a001e40        0x0
 .vfp11_veneer  0x1a001e40        0x0 linker stubs

.v4_bx          0x1a001e40        0x0
 .v4_bx         0x1a001e40        0x0 linker stubs

.iplt           0x1a001e40        0x0
 .iplt          0x1a001e40        0x0 ./src/UART.o

.rel.dyn        0x1a001e40        0x0
 .rel.iplt      0x1a001e40        0x0 ./src/UART.o

.ARM.extab
 *(.ARM.extab* .gnu.linkonce.armextab.*)
                0x1a001e40                __exidx_start = .

.ARM.exidx
 *(.ARM.exidx* .gnu.linkonce.armexidx.*)
                0x1a001e40                __exidx_end = .
                0x1a001e40                _etext = .

.data_RAM2      0x10080000        0x0 load address 0x1a001e40
 FILL mask 0xff
                [!provide]                PROVIDE (__start_data_RAM2, .)
 *(.ramfunc.$RAM2)
 *(.ramfunc.$RamLoc40)
 *(.data.$RAM2*)
 *(.data.$RamLoc40*)
                0x10080000                . = ALIGN (0x4)
                [!provide]                PROVIDE (__end_data_RAM2, .)

.data_RAM3      0x20000000        0x0 load address 0x1a001e40
 FILL mask 0xff
                [!provide]                PROVIDE (__start_data_RAM3, .)
 *(.ramfunc.$RAM3)
 *(.ramfunc.$RamAHB32)
 *(.data.$RAM3*)
 *(.data.$RamAHB32*)
                0x20000000                . = ALIGN (0x4)
                [!provide]                PROVIDE (__end_data_RAM3, .)

.data_RAM4      0x20008000        0x0 load address 0x1a001e40
 FILL mask 0xff
                [!provide]                PROVIDE (__start_data_RAM4, .)
 *(.ramfunc.$RAM4)
 *(.ramfunc.$RamAHB16)
 *(.data.$RAM4*)
 *(.data.$RamAHB16*)
                0x20008000                . = ALIGN (0x4)
                [!provide]                PROVIDE (__end_data_RAM4, .)

.data_RAM5      0x2000c000        0x0 load address 0x1a001e40
 FILL mask 0xff
                [!provide]                PROVIDE (__start_data_RAM5, .)
 *(.ramfunc.$RAM5)
 *(.ramfunc.$RamAHB_ETB16)
 *(.data.$RAM5*)
 *(.data.$RamAHB_ETB16*)
                0x2000c000                . = ALIGN (0x4)
                [!provide]                PROVIDE (__end_data_RAM5, .)

.uninit_RESERVED
                0x10000000        0x0
 *(.bss.$RESERVED*)
                0x10000000                . = ALIGN (0x4)
                0x10000000                _end_uninit_RESERVED = .

.data           0x10000000        0x0 load address 0x1a001e40
 FILL mask 0xff
                0x10000000                _data = .
 *(vtable)
 *(.ramfunc*)
 *(.data*)
                0x10000000                . = ALIGN (0x4)
                0x10000000                _edata = .

.igot.plt       0x10000000        0x0 load address 0x1a001e40
 .igot.plt      0x10000000        0x0 ./src/UART.o

.bss_RAM2       0x10080000        0x0
                [!provide]                PROVIDE (__start_bss_RAM2, .)
 *(.bss.$RAM2*)
 *(.bss.$RamLoc40*)
                0x10080000                . = ALIGN ((. != 0x0)?0x4:0x1)
                [!provide]                PROVIDE (__end_bss_RAM2, .)

.bss_RAM3       0x20000000        0x0
                [!provide]                PROVIDE (__start_bss_RAM3, .)
 *(.bss.$RAM3*)
 *(.bss.$RamAHB32*)
                0x20000000                . = ALIGN ((. != 0x0)?0x4:0x1)
                [!provide]                PROVIDE (__end_bss_RAM3, .)

.bss_RAM4       0x20008000        0x0
                [!provide]                PROVIDE (__start_bss_RAM4, .)
 *(.bss.$RAM4*)
 *(.bss.$RamAHB16*)
                0x20008000                . = ALIGN ((. != 0x0)?0x4:0x1)
                [!provide]                PROVIDE (__end_bss_RAM4, .)

.bss_RAM5       0x2000c000        0x0
                [!provide]                PROVIDE (__start_bss_RAM5, .)
 *(.bss.$RAM5*)
 *(.bss.$RamAHB_ETB16*)
                0x2000c000                . = ALIGN ((. != 0x0)?0x4:0x1)
                [!provide]                PROVIDE (__end_bss_RAM5, .)

.bss            0x10000000       0xd8
                0x10000000                _bss = .
 *(.bss*)
 .bss.txring    0x10000000       0x14 ./src/UART.o
 .bss.rxring    0x10000014       0x14 ./src/UART.o
 .bss.rxbuff    0x10000028       0x20 ./src/UART.o
 .bss.txbuff    0x10000048       0x80 ./src/UART.o
 .bss.audio_usb_pll_freq
                0x100000c8        0x8 C:\Users\Fabia\Desktop\Workspace\lpc_chip_43xx\Debug\liblpc_chip_43xx.a(clock_18xx_43xx.o)
 .bss.ABsyncSts
                0x100000d0        0x1 C:\Users\Fabia\Desktop\Workspace\lpc_chip_43xx\Debug\liblpc_chip_43xx.a(uart_18xx_43xx.o)
 *(COMMON)
 *fill*         0x100000d1        0x3 
 COMMON         0x100000d4        0x4 C:\Users\Fabia\Desktop\Workspace\lpc_chip_43xx\Debug\liblpc_chip_43xx.a(chip_18xx_43xx.o)
                0x100000d4                SystemCoreClock
                0x100000d8                . = ALIGN (0x4)
                0x100000d8                _ebss = .
                [!provide]                PROVIDE (end, .)

.noinit_RAM2    0x10080000        0x0
 *(.noinit.$RAM2*)
 *(.noinit.$RamLoc40*)
                0x10080000                . = ALIGN (0x4)

.noinit_RAM3    0x20000000        0x0
 *(.noinit.$RAM3*)
 *(.noinit.$RamAHB32*)
                0x20000000                . = ALIGN (0x4)

.noinit_RAM4    0x20008000        0x0
 *(.noinit.$RAM4*)
 *(.noinit.$RamAHB16*)
                0x20008000                . = ALIGN (0x4)

.noinit_RAM5    0x2000c000        0x0
 *(.noinit.$RAM5*)
 *(.noinit.$RamAHB_ETB16*)
                0x2000c000                . = ALIGN (0x4)

.noinit         0x100000d8        0x0
                0x100000d8                _noinit = .
 *(.noinit*)
                0x100000d8                . = ALIGN (0x4)
                0x100000d8                _end_noinit = .
                [!provide]                PROVIDE (_pvHeapStart, DEFINED (__user_heap_base)?__user_heap_base:.)
                0x10008000                PROVIDE (_vStackTop, DEFINED (__user_stack_top)?__user_stack_top:(__top_RamLoc32 - 0x0))
                0x53ff724e                PROVIDE (__valid_user_code_checksum, (0x0 - ((((((_vStackTop + (ResetISR + 0x1)) + (NMI_Handler + 0x1)) + (HardFault_Handler + 0x1)) + (DEFINED (MemManage_Handler)?MemManage_Handler:0x0 + 0x1)) + (DEFINED (BusFault_Handler)?BusFault_Handler:0x0 + 0x1)) + (DEFINED (UsageFault_Handler)?UsageFault_Handler:0x0 + 0x1))))
                0x1a000000                _image_start = LOADADDR (.text)
                0x1a001e40                _image_end = (LOADADDR (.data) + SIZEOF (.data))
                0x00001e40                _image_size = (_image_end - _image_start)
OUTPUT(UART.axf elf32-littlearm)

.debug_info     0x00000000     0x671c
 .debug_info    0x00000000      0xeef ./src/UART.o
 .debug_info    0x00000eef      0x299 ./src/cr_startup_lpc43xx.o
 .debug_info    0x00001188      0x232 ./src/sysinit.o
 .debug_info    0x000013ba     0x13f5 C:\Users\Fabia\Desktop\Workspace\edu_ciaa_nxp\Debug\libedu_ciaa_nxp.a(board.o)
 .debug_info    0x000027af      0xa80 C:\Users\Fabia\Desktop\Workspace\lpc_chip_43xx\Debug\liblpc_chip_43xx.a(chip_18xx_43xx.o)
 .debug_info    0x0000322f     0x15c3 C:\Users\Fabia\Desktop\Workspace\lpc_chip_43xx\Debug\liblpc_chip_43xx.a(clock_18xx_43xx.o)
 .debug_info    0x000047f2      0x156 C:\Users\Fabia\Desktop\Workspace\lpc_chip_43xx\Debug\liblpc_chip_43xx.a(fpu_init.o)
 .debug_info    0x00004948      0x379 C:\Users\Fabia\Desktop\Workspace\lpc_chip_43xx\Debug\liblpc_chip_43xx.a(ring_buffer.o)
 .debug_info    0x00004cc1      0x95a C:\Users\Fabia\Desktop\Workspace\lpc_chip_43xx\Debug\liblpc_chip_43xx.a(sysinit_18xx_43xx.o)
 .debug_info    0x0000561b     0x1101 C:\Users\Fabia\Desktop\Workspace\lpc_chip_43xx\Debug\liblpc_chip_43xx.a(uart_18xx_43xx.o)

.debug_abbrev   0x00000000     0x1224
 .debug_abbrev  0x00000000      0x274 ./src/UART.o
 .debug_abbrev  0x00000274      0x10c ./src/cr_startup_lpc43xx.o
 .debug_abbrev  0x00000380       0xdd ./src/sysinit.o
 .debug_abbrev  0x0000045d      0x2bd C:\Users\Fabia\Desktop\Workspace\edu_ciaa_nxp\Debug\libedu_ciaa_nxp.a(board.o)
 .debug_abbrev  0x0000071a      0x17b C:\Users\Fabia\Desktop\Workspace\lpc_chip_43xx\Debug\liblpc_chip_43xx.a(chip_18xx_43xx.o)
 .debug_abbrev  0x00000895      0x2db C:\Users\Fabia\Desktop\Workspace\lpc_chip_43xx\Debug\liblpc_chip_43xx.a(clock_18xx_43xx.o)
 .debug_abbrev  0x00000b70       0xaa C:\Users\Fabia\Desktop\Workspace\lpc_chip_43xx\Debug\liblpc_chip_43xx.a(fpu_init.o)
 .debug_abbrev  0x00000c1a      0x162 C:\Users\Fabia\Desktop\Workspace\lpc_chip_43xx\Debug\liblpc_chip_43xx.a(ring_buffer.o)
 .debug_abbrev  0x00000d7c      0x1af C:\Users\Fabia\Desktop\Workspace\lpc_chip_43xx\Debug\liblpc_chip_43xx.a(sysinit_18xx_43xx.o)
 .debug_abbrev  0x00000f2b      0x2f9 C:\Users\Fabia\Desktop\Workspace\lpc_chip_43xx\Debug\liblpc_chip_43xx.a(uart_18xx_43xx.o)

.debug_aranges  0x00000000      0x550
 .debug_aranges
                0x00000000       0x50 ./src/UART.o
 .debug_aranges
                0x00000050       0x80 ./src/cr_startup_lpc43xx.o
 .debug_aranges
                0x000000d0       0x20 ./src/sysinit.o
 .debug_aranges
                0x000000f0      0x100 C:\Users\Fabia\Desktop\Workspace\edu_ciaa_nxp\Debug\libedu_ciaa_nxp.a(board.o)
 .debug_aranges
                0x000001f0       0x40 C:\Users\Fabia\Desktop\Workspace\lpc_chip_43xx\Debug\liblpc_chip_43xx.a(chip_18xx_43xx.o)
 .debug_aranges
                0x00000230      0x138 C:\Users\Fabia\Desktop\Workspace\lpc_chip_43xx\Debug\liblpc_chip_43xx.a(clock_18xx_43xx.o)
 .debug_aranges
                0x00000368       0x20 C:\Users\Fabia\Desktop\Workspace\lpc_chip_43xx\Debug\liblpc_chip_43xx.a(fpu_init.o)
 .debug_aranges
                0x00000388       0x60 C:\Users\Fabia\Desktop\Workspace\lpc_chip_43xx\Debug\liblpc_chip_43xx.a(ring_buffer.o)
 .debug_aranges
                0x000003e8       0x50 C:\Users\Fabia\Desktop\Workspace\lpc_chip_43xx\Debug\liblpc_chip_43xx.a(sysinit_18xx_43xx.o)
 .debug_aranges
                0x00000438      0x118 C:\Users\Fabia\Desktop\Workspace\lpc_chip_43xx\Debug\liblpc_chip_43xx.a(uart_18xx_43xx.o)

.debug_ranges   0x00000000      0x4e0
 .debug_ranges  0x00000000       0x40 ./src/UART.o
 .debug_ranges  0x00000040       0x70 ./src/cr_startup_lpc43xx.o
 .debug_ranges  0x000000b0       0x10 ./src/sysinit.o
 .debug_ranges  0x000000c0       0xf0 C:\Users\Fabia\Desktop\Workspace\edu_ciaa_nxp\Debug\libedu_ciaa_nxp.a(board.o)
 .debug_ranges  0x000001b0       0x30 C:\Users\Fabia\Desktop\Workspace\lpc_chip_43xx\Debug\liblpc_chip_43xx.a(chip_18xx_43xx.o)
 .debug_ranges  0x000001e0      0x140 C:\Users\Fabia\Desktop\Workspace\lpc_chip_43xx\Debug\liblpc_chip_43xx.a(clock_18xx_43xx.o)
 .debug_ranges  0x00000320       0x10 C:\Users\Fabia\Desktop\Workspace\lpc_chip_43xx\Debug\liblpc_chip_43xx.a(fpu_init.o)
 .debug_ranges  0x00000330       0x50 C:\Users\Fabia\Desktop\Workspace\lpc_chip_43xx\Debug\liblpc_chip_43xx.a(ring_buffer.o)
 .debug_ranges  0x00000380       0x40 C:\Users\Fabia\Desktop\Workspace\lpc_chip_43xx\Debug\liblpc_chip_43xx.a(sysinit_18xx_43xx.o)
 .debug_ranges  0x000003c0      0x120 C:\Users\Fabia\Desktop\Workspace\lpc_chip_43xx\Debug\liblpc_chip_43xx.a(uart_18xx_43xx.o)

.debug_macro    0x00000000     0x68fd
 .debug_macro   0x00000000      0x310 ./src/UART.o
 .debug_macro   0x00000310      0xa78 ./src/UART.o
 .debug_macro   0x00000d88       0x10 ./src/UART.o
 .debug_macro   0x00000d98       0x10 ./src/UART.o
 .debug_macro   0x00000da8      0x12d ./src/UART.o
 .debug_macro   0x00000ed5      0x5b2 ./src/UART.o
 .debug_macro   0x00001487       0x22 ./src/UART.o
 .debug_macro   0x000014a9       0x7b ./src/UART.o
 .debug_macro   0x00001524       0x28 ./src/UART.o
 .debug_macro   0x0000154c       0x3b ./src/UART.o
 .debug_macro   0x00001587       0x2d ./src/UART.o
 .debug_macro   0x000015b4       0x42 ./src/UART.o
 .debug_macro   0x000015f6      0xd39 ./src/UART.o
 .debug_macro   0x0000232f      0x2bc ./src/UART.o
 .debug_macro   0x000025eb      0x112 ./src/UART.o
 .debug_macro   0x000026fd       0x11 ./src/UART.o
 .debug_macro   0x0000270e       0x2a ./src/UART.o
 .debug_macro   0x00002738       0x16 ./src/UART.o
 .debug_macro   0x0000274e      0x2e6 ./src/UART.o
 .debug_macro   0x00002a34       0x82 ./src/UART.o
 .debug_macro   0x00002ab6      0x13d ./src/UART.o
 .debug_macro   0x00002bf3      0x198 ./src/UART.o
 .debug_macro   0x00002d8b       0x34 ./src/UART.o
 .debug_macro   0x00002dbf       0x58 ./src/UART.o
 .debug_macro   0x00002e17      0x236 ./src/UART.o
 .debug_macro   0x0000304d      0x572 ./src/UART.o
 .debug_macro   0x000035bf       0x16 ./src/UART.o
 .debug_macro   0x000035d5      0x18a ./src/UART.o
 .debug_macro   0x0000375f       0x88 ./src/UART.o
 .debug_macro   0x000037e7      0x1b9 ./src/UART.o
 .debug_macro   0x000039a0      0x1da ./src/UART.o
 .debug_macro   0x00003b7a       0x40 ./src/UART.o
 .debug_macro   0x00003bba       0x1c ./src/UART.o
 .debug_macro   0x00003bd6       0x2e ./src/UART.o
 .debug_macro   0x00003c04       0x2e ./src/UART.o
 .debug_macro   0x00003c32       0x22 ./src/UART.o
 .debug_macro   0x00003c54      0x201 ./src/UART.o
 .debug_macro   0x00003e55       0xe0 ./src/UART.o
 .debug_macro   0x00003f35      0x34c ./src/UART.o
 .debug_macro   0x00004281       0xdc ./src/UART.o
 .debug_macro   0x0000435d       0xc4 ./src/UART.o
 .debug_macro   0x00004421       0x94 ./src/UART.o
 .debug_macro   0x000044b5       0xb8 ./src/UART.o
 .debug_macro   0x0000456d       0x4c ./src/UART.o
 .debug_macro   0x000045b9       0x16 ./src/UART.o
 .debug_macro   0x000045cf      0x328 ./src/UART.o
 .debug_macro   0x000048f7       0x3a ./src/UART.o
 .debug_macro   0x00004931       0xd0 ./src/UART.o
 .debug_macro   0x00004a01       0x18 ./src/UART.o
 .debug_macro   0x00004a19       0x22 ./src/UART.o
 .debug_macro   0x00004a3b       0x40 ./src/UART.o
 .debug_macro   0x00004a7b       0x9a ./src/UART.o
 .debug_macro   0x00004b15       0x1c ./src/UART.o
 .debug_macro   0x00004b31       0x1d ./src/cr_startup_lpc43xx.o
 .debug_macro   0x00004b4e      0x304 ./src/sysinit.o
 .debug_macro   0x00004e52      0x310 C:\Users\Fabia\Desktop\Workspace\edu_ciaa_nxp\Debug\libedu_ciaa_nxp.a(board.o)
 .debug_macro   0x00005162      0xa66 C:\Users\Fabia\Desktop\Workspace\edu_ciaa_nxp\Debug\libedu_ciaa_nxp.a(board.o)
 .debug_macro   0x00005bc8      0x2da C:\Users\Fabia\Desktop\Workspace\lpc_chip_43xx\Debug\liblpc_chip_43xx.a(chip_18xx_43xx.o)
 .debug_macro   0x00005ea2      0x2e0 C:\Users\Fabia\Desktop\Workspace\lpc_chip_43xx\Debug\liblpc_chip_43xx.a(clock_18xx_43xx.o)
 .debug_macro   0x00006182       0xc0 C:\Users\Fabia\Desktop\Workspace\lpc_chip_43xx\Debug\liblpc_chip_43xx.a(fpu_init.o)
 .debug_macro   0x00006242       0x83 C:\Users\Fabia\Desktop\Workspace\lpc_chip_43xx\Debug\liblpc_chip_43xx.a(ring_buffer.o)
 .debug_macro   0x000062c5       0x74 C:\Users\Fabia\Desktop\Workspace\lpc_chip_43xx\Debug\liblpc_chip_43xx.a(ring_buffer.o)
 .debug_macro   0x00006339       0x10 C:\Users\Fabia\Desktop\Workspace\lpc_chip_43xx\Debug\liblpc_chip_43xx.a(ring_buffer.o)
 .debug_macro   0x00006349      0x2da C:\Users\Fabia\Desktop\Workspace\lpc_chip_43xx\Debug\liblpc_chip_43xx.a(sysinit_18xx_43xx.o)
 .debug_macro   0x00006623      0x2da C:\Users\Fabia\Desktop\Workspace\lpc_chip_43xx\Debug\liblpc_chip_43xx.a(uart_18xx_43xx.o)

.debug_line     0x00000000     0x3a8c
 .debug_line    0x00000000      0x695 ./src/UART.o
 .debug_line    0x00000695       0xf8 ./src/cr_startup_lpc43xx.o
 .debug_line    0x0000078d      0x61c ./src/sysinit.o
 .debug_line    0x00000da9      0x8b6 C:\Users\Fabia\Desktop\Workspace\edu_ciaa_nxp\Debug\libedu_ciaa_nxp.a(board.o)
 .debug_line    0x0000165f      0x633 C:\Users\Fabia\Desktop\Workspace\lpc_chip_43xx\Debug\liblpc_chip_43xx.a(chip_18xx_43xx.o)
 .debug_line    0x00001c92      0xa32 C:\Users\Fabia\Desktop\Workspace\lpc_chip_43xx\Debug\liblpc_chip_43xx.a(clock_18xx_43xx.o)
 .debug_line    0x000026c4      0x1df C:\Users\Fabia\Desktop\Workspace\lpc_chip_43xx\Debug\liblpc_chip_43xx.a(fpu_init.o)
 .debug_line    0x000028a3      0x238 C:\Users\Fabia\Desktop\Workspace\lpc_chip_43xx\Debug\liblpc_chip_43xx.a(ring_buffer.o)
 .debug_line    0x00002adb      0x6a1 C:\Users\Fabia\Desktop\Workspace\lpc_chip_43xx\Debug\liblpc_chip_43xx.a(sysinit_18xx_43xx.o)
 .debug_line    0x0000317c      0x910 C:\Users\Fabia\Desktop\Workspace\lpc_chip_43xx\Debug\liblpc_chip_43xx.a(uart_18xx_43xx.o)

.debug_str      0x00000000    0x17efa
 .debug_str     0x00000000    0x169df ./src/UART.o
                              0x16b26 (size before relaxing)
 .debug_str     0x000169df      0x1f2 ./src/cr_startup_lpc43xx.o
                               0x2f3a (size before relaxing)
 .debug_str     0x00016bd1       0x1b ./src/sysinit.o
                              0x15bea (size before relaxing)
 .debug_str     0x00016bec      0x6c2 C:\Users\Fabia\Desktop\Workspace\edu_ciaa_nxp\Debug\libedu_ciaa_nxp.a(board.o)
                              0x16c17 (size before relaxing)
 .debug_str     0x000172ae       0xd6 C:\Users\Fabia\Desktop\Workspace\lpc_chip_43xx\Debug\liblpc_chip_43xx.a(chip_18xx_43xx.o)
                              0x16561 (size before relaxing)
 .debug_str     0x00017384      0x5e7 C:\Users\Fabia\Desktop\Workspace\lpc_chip_43xx\Debug\liblpc_chip_43xx.a(clock_18xx_43xx.o)
                              0x16ae0 (size before relaxing)
 .debug_str     0x0001796b       0xb5 C:\Users\Fabia\Desktop\Workspace\lpc_chip_43xx\Debug\liblpc_chip_43xx.a(fpu_init.o)
                               0xa0b6 (size before relaxing)
 .debug_str     0x00017a20      0x12c C:\Users\Fabia\Desktop\Workspace\lpc_chip_43xx\Debug\liblpc_chip_43xx.a(ring_buffer.o)
                               0x4823 (size before relaxing)
 .debug_str     0x00017b4c       0xb4 C:\Users\Fabia\Desktop\Workspace\lpc_chip_43xx\Debug\liblpc_chip_43xx.a(sysinit_18xx_43xx.o)
                              0x16540 (size before relaxing)
 .debug_str     0x00017c00      0x2fa C:\Users\Fabia\Desktop\Workspace\lpc_chip_43xx\Debug\liblpc_chip_43xx.a(uart_18xx_43xx.o)
                              0x166a4 (size before relaxing)

.comment        0x00000000       0x7e
 .comment       0x00000000       0x7e ./src/UART.o
                                 0x7f (size before relaxing)
 .comment       0x0000007e       0x7f ./src/cr_startup_lpc43xx.o
 .comment       0x0000007e       0x7f ./src/sysinit.o
 .comment       0x0000007e       0x7f C:\Users\Fabia\Desktop\Workspace\edu_ciaa_nxp\Debug\libedu_ciaa_nxp.a(board.o)
 .comment       0x0000007e       0x7f C:\Users\Fabia\Desktop\Workspace\lpc_chip_43xx\Debug\liblpc_chip_43xx.a(chip_18xx_43xx.o)
 .comment       0x0000007e       0x7f C:\Users\Fabia\Desktop\Workspace\lpc_chip_43xx\Debug\liblpc_chip_43xx.a(clock_18xx_43xx.o)
 .comment       0x0000007e       0x7f C:\Users\Fabia\Desktop\Workspace\lpc_chip_43xx\Debug\liblpc_chip_43xx.a(fpu_init.o)
 .comment       0x0000007e       0x7f C:\Users\Fabia\Desktop\Workspace\lpc_chip_43xx\Debug\liblpc_chip_43xx.a(ring_buffer.o)
 .comment       0x0000007e       0x7f C:\Users\Fabia\Desktop\Workspace\lpc_chip_43xx\Debug\liblpc_chip_43xx.a(sysinit_18xx_43xx.o)
 .comment       0x0000007e       0x7f C:\Users\Fabia\Desktop\Workspace\lpc_chip_43xx\Debug\liblpc_chip_43xx.a(uart_18xx_43xx.o)
 .comment       0x0000007e       0x7f c:/nxp/mcuxpressoide_10.2.0_759/ide/tools/bin/../lib/gcc/arm-none-eabi/7.2.1/../../../../arm-none-eabi/lib/thumb/v7e-m/fpv4-sp/softfp\libcr_c.a(memcpy.o)
 .comment       0x0000007e       0x7f c:/nxp/mcuxpressoide_10.2.0_759/ide/tools/bin/../lib/gcc/arm-none-eabi/7.2.1/../../../../arm-none-eabi/lib/thumb/v7e-m/fpv4-sp/softfp\libcr_c.a(memset.o)
 .comment       0x0000007e       0x7f c:/nxp/mcuxpressoide_10.2.0_759/ide/tools/bin/../lib/gcc/arm-none-eabi/7.2.1/../../../../arm-none-eabi/lib/thumb/v7e-m/fpv4-sp/softfp\libcr_c.a(__weak__main.o)

.ARM.attributes
                0x00000000       0x35
 .ARM.attributes
                0x00000000       0x37 ./src/UART.o
 .ARM.attributes
                0x00000037       0x37 ./src/cr_startup_lpc43xx.o
 .ARM.attributes
                0x0000006e       0x37 ./src/sysinit.o
 .ARM.attributes
                0x000000a5       0x37 C:\Users\Fabia\Desktop\Workspace\edu_ciaa_nxp\Debug\libedu_ciaa_nxp.a(board.o)
 .ARM.attributes
                0x000000dc       0x37 C:\Users\Fabia\Desktop\Workspace\lpc_chip_43xx\Debug\liblpc_chip_43xx.a(chip_18xx_43xx.o)
 .ARM.attributes
                0x00000113       0x37 C:\Users\Fabia\Desktop\Workspace\lpc_chip_43xx\Debug\liblpc_chip_43xx.a(clock_18xx_43xx.o)
 .ARM.attributes
                0x0000014a       0x37 C:\Users\Fabia\Desktop\Workspace\lpc_chip_43xx\Debug\liblpc_chip_43xx.a(fpu_init.o)
 .ARM.attributes
                0x00000181       0x37 C:\Users\Fabia\Desktop\Workspace\lpc_chip_43xx\Debug\liblpc_chip_43xx.a(ring_buffer.o)
 .ARM.attributes
                0x000001b8       0x37 C:\Users\Fabia\Desktop\Workspace\lpc_chip_43xx\Debug\liblpc_chip_43xx.a(sysinit_18xx_43xx.o)
 .ARM.attributes
                0x000001ef       0x37 C:\Users\Fabia\Desktop\Workspace\lpc_chip_43xx\Debug\liblpc_chip_43xx.a(uart_18xx_43xx.o)
 .ARM.attributes
                0x00000226       0x37 c:/nxp/mcuxpressoide_10.2.0_759/ide/tools/bin/../lib/gcc/arm-none-eabi/7.2.1/../../../../arm-none-eabi/lib/thumb/v7e-m/fpv4-sp/softfp\libcr_c.a(memcpy.o)
 .ARM.attributes
                0x0000025d       0x37 c:/nxp/mcuxpressoide_10.2.0_759/ide/tools/bin/../lib/gcc/arm-none-eabi/7.2.1/../../../../arm-none-eabi/lib/thumb/v7e-m/fpv4-sp/softfp\libcr_c.a(memset.o)
 .ARM.attributes
                0x00000294       0x37 c:/nxp/mcuxpressoide_10.2.0_759/ide/tools/bin/../lib/gcc/arm-none-eabi/7.2.1/../../../../arm-none-eabi/lib/thumb/v7e-m/fpv4-sp/softfp\libcr_c.a(__weak__main.o)
 .ARM.attributes
                0x000002cb       0x25 c:/nxp/mcuxpressoide_10.2.0_759/ide/tools/bin/../lib/gcc/arm-none-eabi/7.2.1/thumb/v7e-m/fpv4-sp/softfp\libcr_eabihelpers.a(division_64.o)
 .ARM.attributes
                0x000002f0       0x25 c:/nxp/mcuxpressoide_10.2.0_759/ide/tools/bin/../lib/gcc/arm-none-eabi/7.2.1/thumb/v7e-m/fpv4-sp/softfp\libcr_eabihelpers.a(division_idiv0.o)
 .ARM.attributes
                0x00000315       0x25 c:/nxp/mcuxpressoide_10.2.0_759/ide/tools/bin/../lib/gcc/arm-none-eabi/7.2.1/thumb/v7e-m/fpv4-sp/softfp\libcr_eabihelpers.a(memcpy.o)

.debug_frame    0x00000000     0x1460
 .debug_frame   0x00000000      0x114 ./src/UART.o
 .debug_frame   0x00000114      0x170 ./src/cr_startup_lpc43xx.o
 .debug_frame   0x00000284       0x34 ./src/sysinit.o
 .debug_frame   0x000002b8      0x430 C:\Users\Fabia\Desktop\Workspace\edu_ciaa_nxp\Debug\libedu_ciaa_nxp.a(board.o)
 .debug_frame   0x000006e8       0xa0 C:\Users\Fabia\Desktop\Workspace\lpc_chip_43xx\Debug\liblpc_chip_43xx.a(chip_18xx_43xx.o)
 .debug_frame   0x00000788      0x568 C:\Users\Fabia\Desktop\Workspace\lpc_chip_43xx\Debug\liblpc_chip_43xx.a(clock_18xx_43xx.o)
 .debug_frame   0x00000cf0       0x38 C:\Users\Fabia\Desktop\Workspace\lpc_chip_43xx\Debug\liblpc_chip_43xx.a(fpu_init.o)
 .debug_frame   0x00000d28      0x164 C:\Users\Fabia\Desktop\Workspace\lpc_chip_43xx\Debug\liblpc_chip_43xx.a(ring_buffer.o)
 .debug_frame   0x00000e8c       0xf4 C:\Users\Fabia\Desktop\Workspace\lpc_chip_43xx\Debug\liblpc_chip_43xx.a(sysinit_18xx_43xx.o)
 .debug_frame   0x00000f80      0x4e0 C:\Users\Fabia\Desktop\Workspace\lpc_chip_43xx\Debug\liblpc_chip_43xx.a(uart_18xx_43xx.o)
